
colortbl.ini,0,0

ErrorDialogBG.png,192,78

cmps_BoxMin.png,13,13
cmps_BoxPlus.png,13,13
cmps_ChkOff.png,13,13
cmps_ChkOn.png,13,13
cmps_RadioOff.png,12,12
cmps_RadioOn.png,12,12
cmps_Ok.png,16,16
cmps_Cancel.png,16,15

FL_BG_TopMsg.bmp,256,192
FL_BG_Top.bmp,256,192
FL_BG_Bottom.bmp,256,192

FL_DeleteFileDialog.bmp,192,64

FL_Single_ItemBG_Clear.png,256,18
FL_Double_ItemBG_Clear.png,256,34
FL_Single_ItemBG_Select.png,256,18
FL_Double_ItemBG_Select.png,256,34
FL_Single_ItemBG_PlayIcon.png,256,18
FL_Double_ItemBG_PlayIcon.png,256,34

FL_Single_Icon_UpFolder.png,16,16
FL_Double_Icon_UpFolder.png,32,32
FL_Single_Icon_Folder.png,16,16
FL_Double_Icon_Folder.png,32,32
FL_Single_Icon_UnknownFile.png,16,16
FL_Double_Icon_UnknownFile.png,32,32
FL_Single_Icon_Sound.png,16,16
FL_Double_Icon_Sound.png,32,32
FL_Single_Icon_Image.png,16,16
FL_Double_Icon_Image.png,32,32
FL_Single_Icon_Video.png,16,16
FL_Double_Icon_Video.png,32,32
FL_Single_Icon_NDSROM.png,16,16
FL_Double_Icon_NDSROM.png,32,32
FL_Single_Icon_Skin.png,16,16
FL_Double_Icon_Skin.png,32,32
FL_Single_Icon_Text.png,16,16
FL_Double_Icon_Text.png,32,32

FLCLK_BG.png,80,32
FLCLK_digits.png,8,150

iv_OverlayBG.bmp,256,192
iv_prgbar_off.bmp,256,16
iv_prgbar_on.bmp,256,16

SB_BG.png,14,192
SB_DownBtn_Normal.png,14,14
SB_DownBtn_Press.png,14,14
SB_UpBtn_Normal.png,14,14
SB_UpBtn_Press.png,14,14
SB_GripBG_Normal.png,14,1
SB_GripBG_Press.png,14,1
SB_GripBottom_Normal.png,14,4
SB_GripBottom_Press.png,14,4
SB_GripTop_Normal.png,14,4
SB_GripTop_Press.png,14,4

Setup_BG_Top.bmp,256,192
Setup_BG_Bottom.bmp,256,192

Setup_ChkOverlayOn.png,13,13
Setup_RadioOverlayOn.png,12,12

SysMenu_BG.png,256,192
SysMenu_SelectBar.png,160,24

mp_bg.bmp,256,144
mp_seekbar_off.bmp,256,48
mp_seekbar_on.bmp,256,48

mp_next.png,64,64
mp_pause.png,64,64
mp_play.png,64,64
mp_prev.png,64,64
mp_mode_allrep.png,48,48
mp_mode_random.png,48,48
mp_mode_repeat.png,48,48
mp_stop.png,48,48
mp_volbar_off.png,32,96
mp_volbar_on.png,32,96
mp_backlight.png,28,28
mp_seekbargrip.png,14,48
mp_digits.png,8,150

Launch_BGTop.bmp,256,192
Launch_BGBottom.bmp,256,192

Launch_Item_ClearBG.png,232,34
Launch_Item_SelectBG.png,232,34

Launch_Tab0_Launch.png,256,192
Launch_Tab1_NDS.png,256,192

Launch_FileInfoFrame.png,256,192

LongTap_f0.png,32,32
LongTap_f1.png,32,32
LongTap_f2.png,32,32
LongTap_f3.png,32,32
LongTap_f4.png,32,32
LongTap_f5.png,32,32
LongTap_f6.png,32,32
LongTap_f7.png,32,32

MP3Cnt_p0.png,64,24
MP3Cnt_p1_prev.png,64,40
MP3Cnt_p2_stop.png,64,40
MP3Cnt_p2_play.png,64,40
MP3Cnt_p2_pause.png,64,40
MP3Cnt_p3_next.png,64,40
MP3Cnt_p4_repeat.png,64,48
MP3Cnt_p4_allrep.png,64,48
MP3Cnt_p4_shuffle.png,64,48

Custom_TopMsg.bmp,256,192
Custom_BG.bmp,256,512

SCN_BG.bmp,256,192
SCN_Font16.png,16,240
SCN_Font24.png,24,360
SCN_Font56.png,56,840
SCN_CalenderFont.png,5,90
SCN_CalenderTodayFont.png,5,90
SCN_WeekStr.png,48,112

SCD_BG.bmp,256,192
SCD_Font16.png,13,270
SCD_Font24.png,15,360
SCD_Font56.png,32,840
SCD_CalenderFont.png,5,90
SCD_CalenderTodayFont.png,5,90
SCD_WeekStr.png,48,126

SCE_BG.bmp,256,192
SCE_Font16.png,16,240
SCE_Font24.png,24,360
SCE_Font56.png,56,840
SCE_CalenderFont.png,5,90
SCE_CalenderTodayFont.png,5,90
SCE_WeekStr.png,48,112

TV_PageBG.bmp,256,192
TV_Bookmark_LoadBG.bmp,256,192
TV_Bookmark_SaveBG.bmp,256,192
TV_Bookmark_PreviewBG.bmp,256,192

TV_Bookmark_Cursor.png,256,44
TV_Bookmark_Clear.png,256,44
TV_Bookmark_Slot0Icon.png,256,44
TV_Bookmark_Slot1Icon.png,256,44
TV_Bookmark_Slot2Icon.png,256,44
TV_Bookmark_Slot3Icon.png,256,44

MemoEdit_BGTop.bmp,256,192
MemoEdit_BGBottom.bmp,256,192
MemoEdit_FileInfoBG.png,256,32

MemoList_BG.bmp,256,192

